
****** xsim v2020.2 (64-bit)
  **** SW Build 3064766 on Wed Nov 18 09:12:45 MST 2020
  **** IP Build 3064653 on Wed Nov 18 14:17:31 MST 2020
    ** Copyright 1986-2020 Xilinx, Inc. All Rights Reserved.

source xsim.dir/dwsnap/xsim_script.tcl
# xsim {dwsnap} -autoloadwcfg -runall
Vivado Simulator 2020.2
Time resolution is 1 ps
run -all
DWCSV,h,w,cin,stride,G,in_beats,core_cycles,axis_cycles,axis_minus_core,core_out_beats,axis_out_beats,status
DWCSV,90,160,3,2,20,5400,6049,6130,81,1350,1350,         OK
DWCSV,180,160,3,2,20,10800,12079,12160,81,2700,2700,         OK
DWCSV,360,160,3,2,20,21600,24139,24220,81,5400,5400,         OK
DWCSV,720,160,3,2,20,43200,48259,48340,81,10800,10800,         OK
DWCSV,90,320,3,2,40,10800,11449,11590,141,2700,2700,         OK
DWCSV,180,320,3,2,40,21600,22879,23020,141,5400,5400,         OK
DWCSV,360,320,3,2,40,43200,45739,45880,141,10800,10800,         OK
DWCSV,720,320,3,2,40,86400,91459,91600,141,21600,21600,         OK
DWCSV,90,640,3,2,80,21600,22249,22510,261,5400,5400,         OK
DWCSV,180,640,3,2,80,43200,44479,44740,261,10800,10800,         OK
DWCSV,360,640,3,2,80,86400,88939,89200,261,21600,21600,         OK
DWCSV,720,640,3,2,80,172800,177859,178120,261,43200,43200,         OK
DWCSV,90,1280,3,2,160,43200,43849,44350,501,10800,10800,         OK
DWCSV,180,1280,3,2,160,86400,87679,88180,501,21600,21600,         OK
DWCSV,360,1280,3,2,160,172800,175339,175840,501,43200,43200,         OK
DWCSV,720,1280,3,2,160,345600,350659,351160,501,86400,86400,         OK
DWCSV,90,160,8,2,20,14400,15499,15685,186,3600,3600,         OK
DWCSV,180,160,8,2,20,28800,30979,31165,186,7200,7200,         OK
DWCSV,360,160,8,2,20,57600,61939,62125,186,14400,14400,         OK
DWCSV,720,160,8,2,20,115200,123859,124045,186,28800,28800,         OK
DWCSV,90,320,8,2,40,28800,29899,30245,346,7200,7200,         OK
DWCSV,180,320,8,2,40,57600,59779,60125,346,14400,14400,         OK
DWCSV,360,320,8,2,40,115200,119539,119885,346,28800,28800,         OK
DWCSV,720,320,8,2,40,230400,239059,239405,346,57600,57600,         OK
DWCSV,90,640,8,2,80,57600,58699,59365,666,14400,14400,         OK
DWCSV,180,640,8,2,80,115200,117379,118045,666,28800,28800,         OK
DWCSV,360,640,8,2,80,230400,234739,235405,666,57600,57600,         OK
DWCSV,720,640,8,2,80,460800,469459,470125,666,115200,115200,         OK
DWCSV,90,1280,8,2,160,115200,116299,117605,1306,28800,28800,         OK
DWCSV,180,1280,8,2,160,230400,232579,233885,1306,57600,57600,         OK
DWCSV,360,1280,8,2,160,460800,465139,466445,1306,115200,115200,         OK
DWCSV,720,1280,8,2,160,921600,930259,931565,1306,230400,230400,         OK
DWCSV,90,160,16,2,20,28800,30619,30973,354,7200,7200,         OK
DWCSV,180,160,16,2,20,57600,61219,61573,354,14400,14400,         OK
DWCSV,360,160,16,2,20,115200,122419,122773,354,28800,28800,         OK
DWCSV,720,160,16,2,20,230400,244819,245173,354,57600,57600,         OK
DWCSV,90,320,16,2,40,57600,59419,60093,674,14400,14400,         OK
DWCSV,180,320,16,2,40,115200,118819,119493,674,28800,28800,         OK
DWCSV,360,320,16,2,40,230400,237619,238293,674,57600,57600,         OK
DWCSV,720,320,16,2,40,460800,475219,475893,674,115200,115200,         OK
DWCSV,90,640,16,2,80,115200,117019,118333,1314,28800,28800,         OK
DWCSV,180,640,16,2,80,230400,234019,235333,1314,57600,57600,         OK
DWCSV,360,640,16,2,80,460800,468019,469333,1314,115200,115200,         OK
DWCSV,720,640,16,2,80,921600,936019,937333,1314,230400,230400,         OK
DWCSV,90,160,32,2,20,57600,60859,61549,690,14400,14400,         OK
DWCSV,180,160,32,2,20,115200,121699,122389,690,28800,28800,         OK
DWCSV,360,160,32,2,20,230400,243379,244069,690,57600,57600,         OK
DWCSV,720,160,32,2,20,460800,486739,487429,690,115200,115200,         OK
DWCSV,90,320,32,2,40,115200,118459,119789,1330,28800,28800,         OK
DWCSV,180,320,32,2,40,230400,236899,238229,1330,57600,57600,         OK
DWCSV,360,320,32,2,40,460800,473779,475109,1330,115200,115200,         OK
DWCSV,720,320,32,2,40,921600,947539,948869,1330,230400,230400,         OK
DWCSV,90,160,48,2,20,86400,91099,92125,1026,21600,21600,         OK
DWCSV,180,160,48,2,20,172800,182179,183205,1026,43200,43200,         OK
DWCSV,360,160,48,2,20,345600,364339,365365,1026,86400,86400,         OK
DWCSV,720,160,48,2,20,691200,728659,729685,1026,172800,172800,         OK
DWCSV,90,320,48,2,40,172800,177499,179485,1986,43200,43200,         OK
DWCSV,180,320,48,2,40,345600,354979,356965,1986,86400,86400,         OK
DWCSV,360,320,48,2,40,691200,709939,711925,1986,172800,172800,         OK
DWCSV,720,320,48,2,40,1382400,1419859,1421845,1986,345600,345600,         OK
DWCSV,90,160,64,2,20,115200,121339,122701,1362,28800,28800,         OK
DWCSV,180,160,64,2,20,230400,242659,244021,1362,57600,57600,         OK
DWCSV,360,160,64,2,20,460800,485299,486661,1362,115200,115200,         OK
DWCSV,720,160,64,2,20,921600,970579,971941,1362,230400,230400,         OK
DWCSV,180,160,3,1,20,10800,12146,12163,17,10800,10800,         OK
DWCSV,180,320,3,1,40,21600,23006,23023,17,21600,21600,         OK
DWCSV,180,640,3,1,80,43200,44726,44743,17,43200,43200,         OK
DWCSV,180,160,8,1,20,28800,31151,31168,17,28800,28800,         OK
DWCSV,180,320,8,1,40,57600,60111,60128,17,57600,57600,         OK
DWCSV,180,640,8,1,80,115200,118031,118048,17,115200,115200,         OK
DWCSV,180,160,16,1,20,57600,61559,61576,17,57600,57600,         OK
DWCSV,180,320,16,1,40,115200,119479,119496,17,115200,115200,         OK
DWCSV,180,640,16,1,80,230400,235319,235336,17,230400,230400,         OK
DWCSV,180,160,32,1,20,115200,122375,122392,17,115200,115200,         OK
DWCSV,180,320,32,1,40,230400,238215,238232,17,230400,230400,         OK
DWCSV,180,160,48,1,20,172800,183191,183208,17,172800,172800,         OK
DWCSV,180,320,48,1,40,345600,356951,356968,17,345600,345600,         OK
DWCSV,180,160,64,1,20,230400,244007,244024,17,230400,230400,         OK
DWCSV,24,67,3,1,9,648,869,886,17,648,648,         OK
DWCSV,24,67,3,2,9,648,832,883,51,144,144,         OK
DWCSV,24,100,3,1,13,936,1169,1186,17,936,936,         OK
DWCSV,24,100,3,2,13,936,1120,1183,63,216,216,         OK
DWCSV,24,1435,3,1,180,12960,13694,13711,17,12960,12960,         OK
DWCSV,24,1435,3,2,180,12960,13147,13708,561,3240,3240,         OK
DWCSV,24,1279,3,1,160,11520,12194,12211,17,11520,11520,         OK
DWCSV,24,1279,3,2,160,11520,11707,12208,501,2880,2880,         OK
DWCSV,1,160,8,1,20,160,363,380,17,160,160,         OK
DWCSV,1,160,8,2,20,160,363,380,17,80,80,         OK
DWCSV,2,160,8,1,20,320,535,552,17,320,320,         OK
DWCSV,2,160,8,2,20,320,363,549,186,80,80,         OK
DWCSV,4,160,8,1,20,640,879,896,17,640,640,         OK
DWCSV,4,160,8,2,20,640,707,893,186,160,160,         OK
DWCSV,8,160,8,1,20,1280,1567,1584,17,1280,1280,         OK
DWCSV,8,160,8,2,20,1280,1395,1581,186,320,320,         OK
DWCSV,16,160,8,1,20,2560,2943,2960,17,2560,2560,         OK
DWCSV,16,160,8,2,20,2560,2771,2957,186,640,640,         OK
DWCSV,32,160,8,1,20,5120,5695,5712,17,5120,5120,         OK
DWCSV,32,160,8,2,20,5120,5523,5709,186,1280,1280,         OK
[TB] 98 configurations run, 0 skipped for capacity
$finish called at time : 182159965 ns : File "C:/Users/Fahad/Zynq/sim/dw_cycle_tb.sv" Line 257
run: Time (s): cpu = 00:00:01 ; elapsed = 00:19:15 . Memory (MB): peak = 918.480 ; gain = 0.051
exit
INFO: [Common 17-206] Exiting xsim at Mon Sep  7 05:01:49 2026...
